Queried hashes.db: Found encrypted hash entry for test.txt (HTFnFqg7wPOK-X2aTehNHLW_N43jQyf_0q0CXR0JrVbuNsCwbNgheSeCi5n3ciSZkyDtEHngYVw8Jxp1z5=) 
